[0.009s] Invoking command in '/home/sathvik/git/Ros2/rosnav2/build/package': /usr/bin/cmake --build /home/sathvik/git/Ros2/rosnav2/build/package -- -j4 -l4
[0.031s] -- Found ament_cmake: 2.0.6 (/opt/ros/iron/share/ament_cmake/cmake)
[0.160s] -- Found ament_lint_auto: 0.14.4 (/opt/ros/iron/share/ament_lint_auto/cmake)
[0.204s] Error parsing '/home/sathvik/git/Ros2/rosnav2/src/package/package.xml':
[0.251s] Traceback (most recent call last):
[0.251s]   File "/usr/lib/python3/dist-packages/catkin_pkg/package.py", line 610, in parse_package_string
[0.285s]     root = dom.parseString(data)
[0.285s]   File "/usr/lib/python3.10/xml/dom/minidom.py", line 2000, in parseString
[0.302s]     return expatbuilder.parseString(string)
[0.302s]   File "/usr/lib/python3.10/xml/dom/expatbuilder.py", line 925, in parseString
[0.329s]     return builder.parseString(string)
[0.330s]   File "/usr/lib/python3.10/xml/dom/expatbuilder.py", line 223, in parseString
[0.330s]     parser.Parse(string, True)
[0.330s] xml.parsers.expat.ExpatError: mismatched tag: line 14, column 37
[0.331s] 
[0.331s] During handling of the above exception, another exception occurred:
[0.331s] 
[0.331s] Traceback (most recent call last):
[0.331s]   File "/opt/ros/iron/share/ament_cmake_core/cmake/core/package_xml_2_cmake.py", line 150, in <module>
[0.332s]     main()
[0.332s]   File "/opt/ros/iron/share/ament_cmake_core/cmake/core/package_xml_2_cmake.py", line 53, in main
[0.332s]     raise e
[0.332s]   File "/opt/ros/iron/share/ament_cmake_core/cmake/core/package_xml_2_cmake.py", line 49, in main
[0.332s]     package = parse_package_string(
[0.333s]   File "/usr/lib/python3/dist-packages/catkin_pkg/package.py", line 612, in parse_package_string
[0.333s]     raise InvalidPackage('The manifest contains invalid XML:\n%s' % ex, filename)
[0.333s] catkin_pkg.package.InvalidPackage: Error(s) in package '/home/sathvik/git/Ros2/rosnav2/src/package/package.xml':
[0.334s] The manifest contains invalid XML:
[0.334s] mismatched tag: line 14, column 37
[0.355s] [31mCMake Error at /opt/ros/iron/share/ament_cmake_core/cmake/core/ament_package_xml.cmake:95 (message):
[0.355s]   execute_process(/usr/bin/python3.10
[0.355s]   /opt/ros/iron/share/ament_cmake_core/cmake/core/package_xml_2_cmake.py
[0.355s]   /home/sathvik/git/Ros2/rosnav2/src/package/package.xml
[0.356s]   /home/sathvik/git/Ros2/rosnav2/build/package/ament_cmake_core/package.cmake)
[0.356s]   returned error code 1
[0.356s] Call Stack (most recent call first):
[0.356s]   /opt/ros/iron/share/ament_cmake_core/cmake/core/ament_package_xml.cmake:49 (_ament_package_xml)
[0.356s]   /opt/ros/iron/share/ament_lint_auto/cmake/ament_lint_auto_find_test_dependencies.cmake:31 (ament_package_xml)
[0.356s]   CMakeLists.txt:29 (ament_lint_auto_find_test_dependencies)
[0.356s] 
[0.356s] [0m
[0.356s] -- Configuring incomplete, errors occurred!
[0.356s] See also "/home/sathvik/git/Ros2/rosnav2/build/package/CMakeFiles/CMakeOutput.log".
[0.357s] gmake: *** [Makefile:226: cmake_check_build_system] Error 1
[0.359s] Invoked command in '/home/sathvik/git/Ros2/rosnav2/build/package' returned '2': /usr/bin/cmake --build /home/sathvik/git/Ros2/rosnav2/build/package -- -j4 -l4
