[0.000000] (-) TimerEvent: {}
[0.000240] (package) JobQueued: {'identifier': 'package', 'dependencies': OrderedDict()}
[0.000432] (package) JobStarted: {'identifier': 'package'}
[0.006619] (package) JobProgress: {'identifier': 'package', 'progress': 'cmake'}
[0.007089] (package) JobProgress: {'identifier': 'package', 'progress': 'build'}
[0.007600] (package) Command: {'cmd': ['/usr/bin/cmake', '--build', '/home/sathvik/git/Ros2/rosnav2/build/package', '--', '-j4', '-l4'], 'cwd': '/home/sathvik/git/Ros2/rosnav2/build/package', 'env': OrderedDict([('LESSOPEN', '| /usr/bin/lesspipe %s'), ('LANGUAGE', 'en_IN:en'), ('USER', 'sathvik'), ('QAL_DIR', '/home/sathvik/Quanser'), ('XDG_SESSION_TYPE', 'wayland'), ('SHLVL', '1'), ('LD_LIBRARY_PATH', '/usr/lib/x86_64-linux-gnu/gazebo-11/plugins:/opt/ros/iron/opt/rviz_ogre_vendor/lib:/opt/ros/iron/lib/x86_64-linux-gnu:/opt/ros/iron/lib:/usr/lib/x86_64-linux-gnu/gazebo-11/plugins:'), ('HOME', '/home/sathvik'), ('CONDA_SHLVL', '0'), ('OLDPWD', '/home/sathvik/git/Ros2'), ('DESKTOP_SESSION', 'ubuntu'), ('GAZEBO_MASTER_URI', 'http://localhost:11345'), ('ROS_PYTHON_VERSION', '3'), ('GNOME_SHELL_SESSION_MODE', 'ubuntu'), ('GTK_MODULES', 'gail:atk-bridge'), ('SYSTEMD_EXEC_PID', '1796'), ('DBUS_SESSION_BUS_ADDRESS', 'unix:path=/run/user/1000/bus'), ('COLORTERM', 'truecolor'), ('_CE_M', ''), ('IM_CONFIG_PHASE', '1'), ('WAYLAND_DISPLAY', 'wayland-0'), ('COLCON_PREFIX_PATH', '/home/sathvik/git/Ros2/rosnav2/install'), ('ROS_DISTRO', 'iron'), ('LOGNAME', 'sathvik'), ('_', '/usr/bin/colcon'), ('ROS_VERSION', '2'), ('XDG_SESSION_CLASS', 'user'), ('USERNAME', 'sathvik'), ('TERM', 'xterm-256color'), ('GAZEBO_MODEL_PATH', '/usr/share/gazebo-11/models:'), ('GNOME_DESKTOP_SESSION_ID', 'this-is-deprecated'), ('_CE_CONDA', ''), ('OGRE_RESOURCE_PATH', '/usr/lib/x86_64-linux-gnu/OGRE-1.9.0'), ('PATH', '/opt/ros/iron/bin:/home/sathvik/miniconda3/condabin:/home/sathvik/.local/bin:/usr/local/sbin:/usr/local/bin:/usr/sbin:/usr/bin:/sbin:/bin:/usr/games:/usr/local/games:/snap/bin:/snap/bin'), ('SESSION_MANAGER', 'local/sathvik-Inspiron-3593:@/tmp/.ICE-unix/1774,unix/sathvik-Inspiron-3593:/tmp/.ICE-unix/1774'), ('XDG_MENU_PREFIX', 'gnome-'), ('GNOME_TERMINAL_SCREEN', '/org/gnome/Terminal/screen/7e8a9f58_8d48_48dd_bb1d_ca5dccffefa3'), ('GNOME_SETUP_DISPLAY', ':1'), ('XDG_RUNTIME_DIR', '/run/user/1000'), ('DISPLAY', ':0'), ('LANG', 'en_IN.UTF-8'), ('XDG_CURRENT_DESKTOP', 'ubuntu:GNOME'), ('XMODIFIERS', '@im=ibus'), ('XDG_SESSION_DESKTOP', 'ubuntu'), ('XAUTHORITY', '/run/user/1000/.mutter-Xwaylandauth.P00RS2'), ('LS_COLORS', 'rs=0:di=01;34:ln=01;36:mh=00:pi=40;33:so=01;35:do=01;35:bd=40;33;01:cd=40;33;01:or=40;31;01:mi=00:su=37;41:sg=30;43:ca=30;41:tw=30;42:ow=34;42:st=37;44:ex=01;32:*.tar=01;31:*.tgz=01;31:*.arc=01;31:*.arj=01;31:*.taz=01;31:*.lha=01;31:*.lz4=01;31:*.lzh=01;31:*.lzma=01;31:*.tlz=01;31:*.txz=01;31:*.tzo=01;31:*.t7z=01;31:*.zip=01;31:*.z=01;31:*.dz=01;31:*.gz=01;31:*.lrz=01;31:*.lz=01;31:*.lzo=01;31:*.xz=01;31:*.zst=01;31:*.tzst=01;31:*.bz2=01;31:*.bz=01;31:*.tbz=01;31:*.tbz2=01;31:*.tz=01;31:*.deb=01;31:*.rpm=01;31:*.jar=01;31:*.war=01;31:*.ear=01;31:*.sar=01;31:*.rar=01;31:*.alz=01;31:*.ace=01;31:*.zoo=01;31:*.cpio=01;31:*.7z=01;31:*.rz=01;31:*.cab=01;31:*.wim=01;31:*.swm=01;31:*.dwm=01;31:*.esd=01;31:*.jpg=01;35:*.jpeg=01;35:*.mjpg=01;35:*.mjpeg=01;35:*.gif=01;35:*.bmp=01;35:*.pbm=01;35:*.pgm=01;35:*.ppm=01;35:*.tga=01;35:*.xbm=01;35:*.xpm=01;35:*.tif=01;35:*.tiff=01;35:*.png=01;35:*.svg=01;35:*.svgz=01;35:*.mng=01;35:*.pcx=01;35:*.mov=01;35:*.mpg=01;35:*.mpeg=01;35:*.m2v=01;35:*.mkv=01;35:*.webm=01;35:*.webp=01;35:*.ogm=01;35:*.mp4=01;35:*.m4v=01;35:*.mp4v=01;35:*.vob=01;35:*.qt=01;35:*.nuv=01;35:*.wmv=01;35:*.asf=01;35:*.rm=01;35:*.rmvb=01;35:*.flc=01;35:*.avi=01;35:*.fli=01;35:*.flv=01;35:*.gl=01;35:*.dl=01;35:*.xcf=01;35:*.xwd=01;35:*.yuv=01;35:*.cgm=01;35:*.emf=01;35:*.ogv=01;35:*.ogx=01;35:*.aac=00;36:*.au=00;36:*.flac=00;36:*.m4a=00;36:*.mid=00;36:*.midi=00;36:*.mka=00;36:*.mp3=00;36:*.mpc=00;36:*.ogg=00;36:*.ra=00;36:*.wav=00;36:*.oga=00;36:*.opus=00;36:*.spx=00;36:*.xspf=00;36:'), ('GNOME_TERMINAL_SERVICE', ':1.285'), ('SSH_AGENT_LAUNCHER', 'gnome-keyring'), ('SSH_AUTH_SOCK', '/run/user/1000/keyring/ssh'), ('AMENT_PREFIX_PATH', '/home/sathvik/git/Ros2/rosnav2/install/package:/opt/ros/iron'), ('CONDA_PYTHON_EXE', '/home/sathvik/miniconda3/bin/python'), ('SHELL', '/bin/bash'), ('QT_ACCESSIBILITY', '1'), ('GDMSESSION', 'ubuntu'), ('LESSCLOSE', '/usr/bin/lesspipe %s %s'), ('GAZEBO_RESOURCE_PATH', '/usr/share/gazebo-11:'), ('GAZEBO_MODEL_DATABASE_URI', 'http://models.gazebosim.org'), ('ROS_AUTOMATIC_DISCOVERY_RANGE', 'SUBNET'), ('QT_IM_MODULE', 'ibus'), ('PWD', '/home/sathvik/git/Ros2/rosnav2/build/package'), ('LC_ALL', 'en_IN.UTF-8'), ('XDG_CONFIG_DIRS', '/etc/xdg/xdg-ubuntu:/etc/xdg'), ('CONDA_EXE', '/home/sathvik/miniconda3/bin/conda'), ('GAZEBO_PLUGIN_PATH', '/usr/lib/x86_64-linux-gnu/gazebo-11/plugins:'), ('XDG_DATA_DIRS', '/usr/share/ubuntu:/usr/local/share/:/usr/share/:/var/lib/snapd/desktop'), ('PYTHONPATH', '/opt/ros/iron/lib/python3.10/site-packages::/home/sathvik/Quanser/libraries/python'), ('COLCON', '1'), ('VTE_VERSION', '6800'), ('CMAKE_PREFIX_PATH', '/home/sathvik/git/Ros2/rosnav2/install/package')]), 'shell': False}
[0.030885] (package) StdoutLine: {'line': b'-- Found ament_cmake: 2.0.6 (/opt/ros/iron/share/ament_cmake/cmake)\n'}
[0.099861] (-) TimerEvent: {}
[0.160283] (package) StdoutLine: {'line': b'-- Found ament_lint_auto: 0.14.4 (/opt/ros/iron/share/ament_lint_auto/cmake)\n'}
[0.199952] (-) TimerEvent: {}
[0.204462] (package) StderrLine: {'line': b"Error parsing '/home/sathvik/git/Ros2/rosnav2/src/package/package.xml':\n"}
[0.251483] (package) StderrLine: {'line': b'Traceback (most recent call last):\n'}
[0.251638] (package) StderrLine: {'line': b'  File "/usr/lib/python3/dist-packages/catkin_pkg/package.py", line 610, in parse_package_string\n'}
[0.284988] (package) StderrLine: {'line': b'    root = dom.parseString(data)\n'}
[0.285318] (package) StderrLine: {'line': b'  File "/usr/lib/python3.10/xml/dom/minidom.py", line 2000, in parseString\n'}
[0.300099] (-) TimerEvent: {}
[0.301965] (package) StderrLine: {'line': b'    return expatbuilder.parseString(string)\n'}
[0.302241] (package) StderrLine: {'line': b'  File "/usr/lib/python3.10/xml/dom/expatbuilder.py", line 925, in parseString\n'}
[0.329322] (package) StderrLine: {'line': b'    return builder.parseString(string)\n'}
[0.329925] (package) StderrLine: {'line': b'  File "/usr/lib/python3.10/xml/dom/expatbuilder.py", line 223, in parseString\n'}
[0.330383] (package) StderrLine: {'line': b'    parser.Parse(string, True)\n'}
[0.330627] (package) StderrLine: {'line': b'xml.parsers.expat.ExpatError: mismatched tag: line 14, column 37\n'}
[0.330850] (package) StderrLine: {'line': b'\n'}
[0.331072] (package) StderrLine: {'line': b'During handling of the above exception, another exception occurred:\n'}
[0.331310] (package) StderrLine: {'line': b'\n'}
[0.331533] (package) StderrLine: {'line': b'Traceback (most recent call last):\n'}
[0.331782] (package) StderrLine: {'line': b'  File "/opt/ros/iron/share/ament_cmake_core/cmake/core/package_xml_2_cmake.py", line 150, in <module>\n'}
[0.331992] (package) StderrLine: {'line': b'    main()\n'}
[0.332187] (package) StderrLine: {'line': b'  File "/opt/ros/iron/share/ament_cmake_core/cmake/core/package_xml_2_cmake.py", line 53, in main\n'}
[0.332371] (package) StderrLine: {'line': b'    raise e\n'}
[0.332550] (package) StderrLine: {'line': b'  File "/opt/ros/iron/share/ament_cmake_core/cmake/core/package_xml_2_cmake.py", line 49, in main\n'}
[0.332735] (package) StderrLine: {'line': b'    package = parse_package_string(\n'}
[0.332951] (package) StderrLine: {'line': b'  File "/usr/lib/python3/dist-packages/catkin_pkg/package.py", line 612, in parse_package_string\n'}
[0.333366] (package) StderrLine: {'line': b"    raise InvalidPackage('The manifest contains invalid XML:\\n%s' % ex, filename)\n"}
[0.333594] (package) StderrLine: {'line': b"catkin_pkg.package.InvalidPackage: Error(s) in package '/home/sathvik/git/Ros2/rosnav2/src/package/package.xml':\n"}
[0.333833] (package) StderrLine: {'line': b'The manifest contains invalid XML:\n'}
[0.334021] (package) StderrLine: {'line': b'mismatched tag: line 14, column 37\n'}
[0.355578] (package) StderrLine: {'line': b'\x1b[31mCMake Error at /opt/ros/iron/share/ament_cmake_core/cmake/core/ament_package_xml.cmake:95 (message):\n'}
[0.355754] (package) StderrLine: {'line': b'  execute_process(/usr/bin/python3.10\n'}
[0.355812] (package) StderrLine: {'line': b'  /opt/ros/iron/share/ament_cmake_core/cmake/core/package_xml_2_cmake.py\n'}
[0.355860] (package) StderrLine: {'line': b'  /home/sathvik/git/Ros2/rosnav2/src/package/package.xml\n'}
[0.355906] (package) StderrLine: {'line': b'  /home/sathvik/git/Ros2/rosnav2/build/package/ament_cmake_core/package.cmake)\n'}
[0.355954] (package) StderrLine: {'line': b'  returned error code 1\n'}
[0.356026] (package) StderrLine: {'line': b'Call Stack (most recent call first):\n'}
[0.356078] (package) StderrLine: {'line': b'  /opt/ros/iron/share/ament_cmake_core/cmake/core/ament_package_xml.cmake:49 (_ament_package_xml)\n'}
[0.356125] (package) StderrLine: {'line': b'  /opt/ros/iron/share/ament_lint_auto/cmake/ament_lint_auto_find_test_dependencies.cmake:31 (ament_package_xml)\n'}
[0.356170] (package) StderrLine: {'line': b'  CMakeLists.txt:29 (ament_lint_auto_find_test_dependencies)\n'}
[0.356217] (package) StderrLine: {'line': b'\n'}
[0.356263] (package) StderrLine: {'line': b'\x1b[0m\n'}
[0.356310] (package) StdoutLine: {'line': b'-- Configuring incomplete, errors occurred!\n'}
[0.356363] (package) StdoutLine: {'line': b'See also "/home/sathvik/git/Ros2/rosnav2/build/package/CMakeFiles/CMakeOutput.log".\n'}
[0.357733] (package) StderrLine: {'line': b'gmake: *** [Makefile:226: cmake_check_build_system] Error 1\n'}
[0.359287] (package) CommandEnded: {'returncode': 2}
[0.359618] (package) JobEnded: {'identifier': 'package', 'rc': 2}
[0.370162] (-) EventReactorShutdown: {}
